{
    "sentence_id":1,
    "body":"After completing the build process, the application is packaged into a container and ready for deployment.",
    "vocabularies":["build","deployment","container"],
    "created":"2024-04-25 05:25:21.177099049 +0000 UTC m=+161.586254951",
    "updated":"2024-04-25 05:25:21.177125382 +0000 UTC m=+161.586281242"
}
